\BOOKMARK [1][-]{section*.1}{\376\377\000A\000c\000k\000n\000o\000w\000l\000e\000d\000g\000e\000m\000e\000n\000t\000s\000\040\000a\000n\000d\000\040\000D\000e\000c\000l\000a\000r\000a\000t\000i\000o\000n\000\040\000o\000f\000\040\000A\000u\000t\000h\000o\000r\000s\000h\000i\000p}{}% 1
\BOOKMARK [0][-]{chapter*.9}{\376\377\0001\000\040\000I\000n\000t\000r\000o\000d\000u\000c\000t\000i\000o\000n}{}% 2
\BOOKMARK [1][-]{section*.10}{\376\377\0001\000.\0001\000\040\000R\000e\000s\000e\000a\000r\000c\000h\000\040\000C\000o\000n\000t\000e\000x\000t}{chapter*.9}% 3
\BOOKMARK [1][-]{section*.11}{\376\377\0001\000.\0002\000\040\000R\000e\000s\000e\000a\000r\000c\000h\000\040\000G\000a\000p\000\040\000a\000n\000d\000\040\000A\000p\000p\000r\000o\000a\000c\000h}{chapter*.9}% 4
\BOOKMARK [1][-]{section*.13}{\376\377\0001\000.\0003\000\040\000R\000e\000s\000e\000a\000r\000c\000h\000\040\000O\000b\000j\000e\000c\000t\000i\000v\000e\000s}{chapter*.9}% 5
\BOOKMARK [1][-]{section*.14}{\376\377\0001\000.\0004\000\040\000R\000e\000s\000e\000a\000r\000c\000h\000\040\000Q\000u\000e\000s\000t\000i\000o\000n\000s}{chapter*.9}% 6
\BOOKMARK [1][-]{section*.15}{\376\377\0001\000.\0005\000\040\000R\000e\000s\000e\000a\000r\000c\000h\000\040\000C\000o\000n\000t\000r\000i\000b\000u\000t\000i\000o\000n\000s}{chapter*.9}% 7
\BOOKMARK [1][-]{section*.16}{\376\377\0001\000.\0006\000\040\000S\000c\000o\000p\000e\000\040\000o\000f\000\040\000t\000h\000e\000\040\000T\000h\000e\000s\000i\000s}{chapter*.9}% 8
\BOOKMARK [1][-]{section*.17}{\376\377\0001\000.\0007\000\040\000T\000h\000e\000s\000i\000s\000\040\000O\000r\000g\000a\000n\000i\000z\000a\000t\000i\000o\000n}{chapter*.9}% 9
\BOOKMARK [0][-]{chapter*.18}{\376\377\0002\000\040\000L\000i\000t\000e\000r\000a\000t\000u\000r\000e\000\040\000R\000e\000v\000i\000e\000w}{}% 10
\BOOKMARK [1][-]{section*.19}{\376\377\0002\000.\0001\000\040\000L\000e\000g\000a\000l\000\040\000R\000e\000t\000r\000i\000e\000v\000a\000l\000\040\000a\000n\000d\000\040\000E\000v\000i\000d\000e\000n\000c\000e}{chapter*.18}% 11
\BOOKMARK [1][-]{section*.20}{\376\377\0002\000.\0002\000\040\000L\000e\000x\000i\000c\000a\000l\000\040\000R\000e\000t\000r\000i\000e\000v\000a\000l\000\040\000a\000s\000\040\000a\000\040\000S\000e\000r\000i\000o\000u\000s\000\040\000R\000e\000f\000e\000r\000e\000n\000c\000e}{chapter*.18}% 12
\BOOKMARK [1][-]{section*.21}{\376\377\0002\000.\0003\000\040\000M\000u\000l\000t\000i\000l\000i\000n\000g\000u\000a\000l\000\040\000N\000e\000u\000r\000a\000l\000\040\000R\000e\000t\000r\000i\000e\000v\000a\000l}{chapter*.18}% 13
\BOOKMARK [1][-]{section*.22}{\376\377\0002\000.\0004\000\040\000L\000e\000x\000i\000c\000a\000l\040\023\000S\000e\000m\000a\000n\000t\000i\000c\000\040\000a\000n\000d\000\040\000M\000u\000l\000t\000i\000-\000R\000e\000t\000r\000i\000e\000v\000e\000r\000\040\000F\000u\000s\000i\000o\000n}{chapter*.18}% 14
\BOOKMARK [1][-]{section*.23}{\376\377\0002\000.\0005\000\040\000L\000e\000g\000a\000l\000-\000D\000o\000m\000a\000i\000n\000\040\000A\000d\000a\000p\000t\000a\000t\000i\000o\000n\000\040\000a\000n\000d\000\040\000H\000a\000r\000d\000\040\000N\000e\000g\000a\000t\000i\000v\000e\000s}{chapter*.18}% 15
\BOOKMARK [1][-]{section*.24}{\376\377\0002\000.\0006\000\040\000B\000e\000n\000c\000h\000m\000a\000r\000k\000s\000\040\000a\000n\000d\000\040\000E\000v\000a\000l\000u\000a\000t\000i\000o\000n\000\040\000D\000e\000s\000i\000g\000n}{chapter*.18}% 16
\BOOKMARK [1][-]{section*.25}{\376\377\0002\000.\0007\000\040\000R\000e\000s\000e\000a\000r\000c\000h\000\040\000G\000a\000p\000\040\000a\000n\000d\000\040\000P\000o\000s\000i\000t\000i\000o\000n\000i\000n\000g}{chapter*.18}% 17
\BOOKMARK [1][-]{section*.26}{\376\377\0002\000.\0008\000\040\000C\000h\000a\000p\000t\000e\000r\000\040\000S\000u\000m\000m\000a\000r\000y}{chapter*.18}% 18
\BOOKMARK [0][-]{chapter*.27}{\376\377\0003\000\040\000T\000h\000e\000o\000r\000e\000t\000i\000c\000a\000l\000\040\000B\000a\000c\000k\000g\000r\000o\000u\000n\000d}{}% 19
\BOOKMARK [1][-]{section*.28}{\376\377\0003\000.\0001\000\040\000Q\000u\000e\000r\000i\000e\000s\000,\000\040\000A\000r\000t\000i\000c\000l\000e\000s\000,\000\040\000a\000n\000d\000\040\000R\000e\000l\000e\000v\000a\000n\000c\000e}{chapter*.27}% 20
\BOOKMARK [1][-]{section*.29}{\376\377\0003\000.\0002\000\040\000L\000e\000x\000i\000c\000a\000l\000\040\000S\000c\000o\000r\000i\000n\000g\000\040\000a\000n\000d\000\040\000B\000M\0002\0005}{chapter*.27}% 21
\BOOKMARK [1][-]{section*.32}{\376\377\0003\000.\0003\000\040\000D\000e\000n\000s\000e\000\040\000R\000e\000p\000r\000e\000s\000e\000n\000t\000a\000t\000i\000o\000n\000s\000\040\000a\000n\000d\000\040\000S\000i\000m\000i\000l\000a\000r\000i\000t\000y}{chapter*.27}% 22
\BOOKMARK [1][-]{section*.35}{\376\377\0003\000.\0004\000\040\000N\000o\000r\000m\000a\000l\000i\000z\000a\000t\000i\000o\000n\000\040\000a\000n\000d\000\040\000F\000u\000s\000i\000o\000n}{chapter*.27}% 23
\BOOKMARK [1][-]{section*.39}{\376\377\0003\000.\0005\000\040\000C\000o\000n\000t\000r\000a\000s\000t\000i\000v\000e\000\040\000A\000d\000a\000p\000t\000a\000t\000i\000o\000n\000\040\000a\000n\000d\000\040\000N\000e\000g\000a\000t\000i\000v\000e\000\040\000S\000a\000m\000p\000l\000i\000n\000g}{chapter*.27}% 24
\BOOKMARK [1][-]{section*.43}{\376\377\0003\000.\0006\000\040\000T\000a\000r\000g\000e\000t\000\040\000M\000a\000t\000c\000h\000i\000n\000g\000\040\000a\000n\000d\000\040\000E\000v\000a\000l\000u\000a\000t\000i\000o\000n\000\040\000M\000e\000t\000r\000i\000c\000s}{chapter*.27}% 25
\BOOKMARK [1][-]{section*.44}{\376\377\0003\000.\0007\000\040\000G\000r\000o\000u\000p\000e\000d\000\040\000E\000v\000a\000l\000u\000a\000t\000i\000o\000n\000\040\000a\000n\000d\000\040\000S\000t\000a\000t\000i\000s\000t\000i\000c\000a\000l\000\040\000I\000n\000t\000e\000r\000p\000r\000e\000t\000a\000t\000i\000o\000n}{chapter*.27}% 26
\BOOKMARK [1][-]{section*.45}{\376\377\0003\000.\0008\000\040\000C\000h\000a\000p\000t\000e\000r\000\040\000S\000u\000m\000m\000a\000r\000y}{chapter*.27}% 27
\BOOKMARK [0][-]{chapter*.46}{\376\377\0004\000\040\000P\000r\000o\000p\000o\000s\000e\000d\000\040\000M\000e\000t\000h\000o\000d\000o\000l\000o\000g\000y}{}% 28
\BOOKMARK [1][-]{section*.47}{\376\377\0004\000.\0001\000\040\000P\000r\000o\000b\000l\000e\000m\000\040\000F\000o\000r\000m\000u\000l\000a\000t\000i\000o\000n}{chapter*.46}% 29
\BOOKMARK [1][-]{section*.48}{\376\377\0004\000.\0002\000\040\000S\000y\000s\000t\000e\000m\000\040\000A\000r\000c\000h\000i\000t\000e\000c\000t\000u\000r\000e}{chapter*.46}% 30
\BOOKMARK [1][-]{section*.50}{\376\377\0004\000.\0003\000\040\000D\000a\000t\000a\000s\000e\000t\000s\000\040\000a\000n\000d\000\040\000C\000o\000r\000p\000u\000s\000\040\000C\000o\000n\000s\000t\000r\000u\000c\000t\000i\000o\000n}{chapter*.46}% 31
\BOOKMARK [1][-]{section*.54}{\376\377\0004\000.\0004\000\040\000L\000e\000x\000i\000c\000a\000l\000\040\000a\000n\000d\000\040\000D\000e\000n\000s\000e\000\040\000R\000e\000p\000r\000e\000s\000e\000n\000t\000a\000t\000i\000o\000n\000s}{chapter*.46}% 32
\BOOKMARK [1][-]{section*.55}{\376\377\0004\000.\0005\000\040\000S\000c\000o\000r\000e\000\040\000N\000o\000r\000m\000a\000l\000i\000z\000a\000t\000i\000o\000n\000\040\000a\000n\000d\000\040\000F\000u\000s\000i\000o\000n}{chapter*.46}% 33
\BOOKMARK [1][-]{section*.56}{\376\377\0004\000.\0006\000\040\000E\000v\000a\000l\000u\000a\000t\000i\000o\000n\000\040\000D\000e\000s\000i\000g\000n}{chapter*.46}% 34
\BOOKMARK [1][-]{section*.59}{\376\377\0004\000.\0007\000\040\000L\000e\000g\000a\000l\000-\000D\000o\000m\000a\000i\000n\000\040\000F\000i\000n\000e\000-\000T\000u\000n\000i\000n\000g}{chapter*.46}% 35
\BOOKMARK [1][-]{section*.65}{\376\377\0004\000.\0008\000\040\000M\000e\000t\000h\000o\000d\000\040\000S\000u\000m\000m\000a\000r\000y}{chapter*.46}% 36
\BOOKMARK [0][-]{chapter*.66}{\376\377\0005\000\040\000E\000x\000p\000e\000r\000i\000m\000e\000n\000t\000a\000l\000\040\000E\000v\000a\000l\000u\000a\000t\000i\000o\000n}{}% 37
\BOOKMARK [1][-]{section*.67}{\376\377\0005\000.\0001\000\040\000D\000a\000t\000a\000s\000e\000t\000s\000\040\000a\000n\000d\000\040\000E\000x\000p\000e\000r\000i\000m\000e\000n\000t\000a\000l\000\040\000S\000e\000t\000u\000p}{chapter*.66}% 38
\BOOKMARK [1][-]{section*.68}{\376\377\0005\000.\0002\000\040\000L\000e\000x\000i\000c\000a\000l\000\040\000a\000n\000d\000\040\000H\000y\000b\000r\000i\000d\000\040\000R\000e\000t\000r\000i\000e\000v\000a\000l}{chapter*.66}% 39
\BOOKMARK [1][-]{section*.69}{\376\377\0005\000.\0003\000\040\000I\000n\000c\000r\000e\000m\000e\000n\000t\000a\000l\000\040\000C\000o\000n\000t\000r\000i\000b\000u\000t\000i\000o\000n\000\040\000o\000f\000\040\000E\0005}{chapter*.66}% 40
\BOOKMARK [1][-]{section*.70}{\376\377\0005\000.\0004\000\040\000B\000C\000A\000\040\000C\000o\000v\000e\000r\000a\000g\000e\000\040\000a\000n\000d\000\040\000C\000o\000m\000p\000o\000n\000e\000n\000t\000-\000A\000w\000a\000r\000e\000\040\000E\000v\000a\000l\000u\000a\000t\000i\000o\000n}{chapter*.66}% 41
\BOOKMARK [1][-]{section*.72}{\376\377\0005\000.\0005\000\040\000F\000a\000i\000l\000u\000r\000e\000\040\000A\000n\000a\000l\000y\000s\000i\000s}{chapter*.66}% 42
\BOOKMARK [1][-]{section*.73}{\376\377\0005\000.\0006\000\040\000L\000e\000g\000a\000l\000-\000D\000o\000m\000a\000i\000n\000\040\000A\000d\000a\000p\000t\000a\000t\000i\000o\000n}{chapter*.66}% 43
\BOOKMARK [1][-]{section*.85}{\376\377\0005\000.\0007\000\040\000E\000x\000p\000e\000r\000i\000m\000e\000n\000t\000a\000l\000\040\000S\000y\000n\000t\000h\000e\000s\000i\000s}{chapter*.66}% 44
\BOOKMARK [0][-]{chapter*.86}{\376\377\0006\000\040\000C\000o\000n\000c\000l\000u\000s\000i\000o\000n\000\040\000a\000n\000d\000\040\000F\000u\000t\000u\000r\000e\000\040\000W\000o\000r\000k}{}% 45
\BOOKMARK [1][-]{section*.87}{\376\377\0006\000.\0001\000\040\000S\000u\000m\000m\000a\000r\000y\000\040\000o\000f\000\040\000F\000i\000n\000d\000i\000n\000g\000s}{chapter*.86}% 46
\BOOKMARK [1][-]{section*.91}{\376\377\0006\000.\0002\000\040\000R\000e\000s\000e\000a\000r\000c\000h\000\040\000C\000o\000n\000t\000r\000i\000b\000u\000t\000i\000o\000n\000s}{chapter*.86}% 47
\BOOKMARK [1][-]{section*.92}{\376\377\0006\000.\0003\000\040\000D\000i\000s\000c\000u\000s\000s\000i\000o\000n\000\040\000a\000n\000d\000\040\000L\000i\000m\000i\000t\000a\000t\000i\000o\000n\000s}{chapter*.86}% 48
\BOOKMARK [1][-]{section*.93}{\376\377\0006\000.\0004\000\040\000F\000u\000t\000u\000r\000e\000\040\000W\000o\000r\000k}{chapter*.86}% 49
\BOOKMARK [1][-]{section*.94}{\376\377\0006\000.\0005\000\040\000C\000l\000o\000s\000i\000n\000g\000\040\000R\000e\000m\000a\000r\000k\000s}{chapter*.86}% 50
\BOOKMARK [0][-]{chapter*.95}{\376\377\000R\000e\000f\000e\000r\000e\000n\000c\000e\000s}{}% 51
